// Jest Snapshot v1, https://goo.gl/fbAQLP

exports[`Projects should match the snapshot 1`] = `
<section
  className="projects-outer-container"
  id="projects-section"
>
  <div
    className="all-projects-container"
  >
    <div
      className="project-container"
      key="Team Generator"
    >
      <h1
        className="project-title"
      >
        Team Generator
      </h1>
      <i
        className="project-techs"
      >
        Vue.js . Vuex . Vue Router . Jest
      </i>
      <p
        className="project-description"
      >
        This is the most recent project Iâ€™ve created to showcase the evolution of my programming skills. The app features clean, reusable code and components built with methods leveraging the single responsibility principle. A simple global Vuex store is integrated with Vue Router for view mapping. Jest is used to accomplish nearly 100% unit testing coverage. The app allows a user to randomly assign groups/teams after selecting a number of desired teams and players.
      </p>
      <div
        className="project-buttons-container"
      >
        <a
          aria-label="github project repo"
          href="https://github.com/ZaneMeroff/team_gen"
          rel="noopener noreferrer"
          tabIndex="-1"
          target="_blank"
        >
          <button
            className="project-button"
          >
            view repo
          </button>
        </a>
        <a
          aria-label="live project"
          href="https://github.com/ZaneMeroff/team_gen"
          rel="noopener noreferrer"
          tabIndex="-1"
          target="_blank"
        >
          <button
            className="project-button"
          >
            live app
          </button>
        </a>
      </div>
    </div>
    <div
      className="project-container"
      key="Game On! iOS Mobile App"
    >
      <h1
        className="project-title"
      >
        Game On! iOS Mobile App
      </h1>
      <i
        className="project-techs"
      >
        React Native . Redux . TravisCI . Python . Flask
      </i>
      <p
        className="project-description"
      >
        A mobile platform for connecting individuals with pickup games in their communities. Features Google Maps integration. Utilizes TravisCI for continuous integration. React Navigator is used for screen transitions and to manage navigation history. Backend database built in Python with Flask. Component render tests written with Jest and Enzyme. This was a team project created in one week with three other teammates.
      </p>
      <div
        className="project-buttons-container"
      >
        <a
          aria-label="github project repo"
          href="https://github.com/Mod-4-Cross-Pol/FE_game_on"
          rel="noopener noreferrer"
          tabIndex="-1"
          target="_blank"
        >
          <button
            className="project-button"
          >
            view repo
          </button>
        </a>
        <a
          aria-label="live project"
          href="https://www.youtube.com/watch?v=_E9j8tXz8e4&feature=share&fbclid=IwAR1W86DaTGrS4QtOQ0HuCzJv6_t4FWFpXdG4aa_c1_j_CG7oqXR0uHlgDYA"
          rel="noopener noreferrer"
          tabIndex="-1"
          target="_blank"
        >
          <button
            className="project-button"
          >
            demo video
          </button>
        </a>
      </div>
    </div>
    <div
      className="project-container"
      key="MTV Music Trivia App"
    >
      <h1
        className="project-title"
      >
        MTV Music Trivia App
      </h1>
      <i
        className="project-techs"
      >
        React.js . Redux . Router . Jest . Enzyme
      </i>
      <p
        className="project-description"
      >
        A mobile friendly music trivia app using Redux for global state management and React Router for dynamic URL routing. Jest and Enzyme are used for 97% testing coverage. All Redux and asynchronous functions are tested with happy and sad paths (62 tests overall). PropTypes are implemented for typechecking each variable and function.
      </p>
      <div
        className="project-buttons-container"
      >
        <a
          aria-label="github project repo"
          href="https://github.com/ZaneMeroff/mtv_music_trivia"
          rel="noopener noreferrer"
          tabIndex="-1"
          target="_blank"
        >
          <button
            className="project-button"
          >
            view repo
          </button>
        </a>
        <a
          aria-label="live project"
          href="https://zanemeroff.github.io/mtv_music_trivia"
          rel="noopener noreferrer"
          tabIndex="-1"
          target="_blank"
        >
          <button
            className="project-button"
          >
            play game
          </button>
        </a>
      </div>
    </div>
    <div
      className="project-container"
      key="Mr. Simon Game"
    >
      <h1
        className="project-title"
      >
        Mr. Simon Game
      </h1>
      <i
        className="project-techs"
      >
        React.js . CSS . Jest . Enzyme
      </i>
      <p
        className="project-description"
      >
        A virtual recreation of the 1978 electronic handheld game by Milton Bradley. I built this project for fun shortly after graduating from the Turing School of Software and Design. It is written using React.js with Hooks and includes snapshot render tests for each component using Jest with Enzyme. Just like this portfolio webiste, this project was created with accessibility in mind and can be enjoyed entirely with just the tab and return key.
      </p>
      <div
        className="project-buttons-container"
      >
        <a
          aria-label="github project repo"
          href="https://github.com/ZaneMeroff/simon_game"
          rel="noopener noreferrer"
          tabIndex="-1"
          target="_blank"
        >
          <button
            className="project-button"
          >
            view repo
          </button>
        </a>
        <a
          aria-label="live project"
          href="https://zanemeroff.github.io/simon_game"
          rel="noopener noreferrer"
          tabIndex="-1"
          target="_blank"
        >
          <button
            className="project-button"
          >
            play game
          </button>
        </a>
      </div>
    </div>
  </div>
</section>
`;
