// Jest Snapshot v1, https://goo.gl/fbAQLP

exports[`Header should match the snapshot 1`] = `
<section
  className="header-outer-container"
  id="home-section"
>
  <h1
    className="title-name"
  >
    Zachary Nemeroff
  </h1>
  <h3
    className="title-industry"
  >
    Software Developer
  </h3>
  <div
    className="social-icon-container"
  >
    <a
      aria-label="my github profile"
      href="https://github.com/ZaneMeroff"
      rel="noopener noreferrer"
      target="_blank"
    >
      <img
        alt="Github icon"
        className="social-icons"
        src="github_icon.png"
      />
    </a>
    <a
      aria-label="my linkedin profile"
      href="https://www.linkedin.com/in/zachary-nemeroff"
      rel="noopener noreferrer"
      target="_blank"
    >
      <img
        alt="Linkedin icon"
        className="social-icons"
        src="linkedin_icon.png"
      />
    </a>
    <a
      aria-label="my twitter profile"
      href="https://twitter.com/zanemeroff"
      rel="noopener noreferrer"
      target="_blank"
    >
      <img
        alt="Twitter icon"
        className="social-icons"
        src="twitter_icon.png"
      />
    </a>
  </div>
  <button
    aria-label="scroll down"
    className="down-arrow"
    onClick={[Function]}
  />
</section>
`;
